
Error: bind EADDRINUSE 0.0.0.0:8000
    at listenOnPrimaryHandle (node:net:2018:18)
    at rr (node:internal/cluster/child:163:12)
    at Worker.<anonymous> (node:internal/cluster/child:113:7)
    at process.onInternalMessage (node:internal/cluster/utils:49:5)
    at process.emit (node:events:530:35)
    at process.emit (node:domain:489:12)
    at emit (node:internal/child_process:949:14)
    at process.processTicksAndRejections (node:internal/process/task_queues:91:21)

Error: bind EADDRINUSE 0.0.0.0:8000
    at listenOnPrimaryHandle (node:net:2018:18)
    at rr (node:internal/cluster/child:163:12)
    at Worker.<anonymous> (node:internal/cluster/child:113:7)
    at process.onInternalMessage (node:internal/cluster/utils:49:5)
    at process.emit (node:events:530:35)
    at process.emit (node:domain:489:12)
    at emit (node:internal/child_process:949:14)
    at process.processTicksAndRejections (node:internal/process/task_queues:91:21)

Error: Invalid generation 9 for a Gen 4 format ([Gen 9] Test Custom Ruleset (Bo3))
    at Object.onValidateRule (/Users/jeremywhite/Desktop/Showdown Server/pokemon-showdown/data/rulesets.ts:1545:11)
    at DexFormats.getRuleTable (/Users/jeremywhite/Desktop/Showdown Server/pokemon-showdown/sim/dex-formats.ts:892:45)
    at DexFormats.getRuleTable (/Users/jeremywhite/Desktop/Showdown Server/pokemon-showdown/sim/dex-formats.ts:705:24)
    at GlobalRoomState.get formatListText [as formatListText] (/Users/jeremywhite/Desktop/Showdown Server/pokemon-showdown/server/rooms.ts:1480:34)
    at GlobalRoomState.handleConnect (/Users/jeremywhite/Desktop/Showdown Server/pokemon-showdown/server/rooms.ts:1735:80)
    at Object.socketConnect (/Users/jeremywhite/Desktop/Showdown Server/pokemon-showdown/server/users.ts:1666:15)
    at Object.onSpawn (/Users/jeremywhite/Desktop/Showdown Server/pokemon-showdown/server/sockets.ts:34:11)
    at processTicksAndRejections (node:internal/process/task_queues:105:5)

Error: Invalid generation 9 for a Gen 4 format ([Gen 4] Test Custom Ruleset (Bo3))
    at Object.onValidateRule (/Users/jeremywhite/Desktop/Showdown Server/pokemon-showdown/data/rulesets.ts:1545:11)
    at DexFormats.getRuleTable (/Users/jeremywhite/Desktop/Showdown Server/pokemon-showdown/sim/dex-formats.ts:892:45)
    at DexFormats.getRuleTable (/Users/jeremywhite/Desktop/Showdown Server/pokemon-showdown/sim/dex-formats.ts:705:24)
    at GlobalRoomState.get formatListText [as formatListText] (/Users/jeremywhite/Desktop/Showdown Server/pokemon-showdown/server/rooms.ts:1480:34)
    at GlobalRoomState.handleConnect (/Users/jeremywhite/Desktop/Showdown Server/pokemon-showdown/server/rooms.ts:1735:80)
    at Object.socketConnect (/Users/jeremywhite/Desktop/Showdown Server/pokemon-showdown/server/users.ts:1666:15)
    at Object.onSpawn (/Users/jeremywhite/Desktop/Showdown Server/pokemon-showdown/server/sockets.ts:34:11)
    at processTicksAndRejections (node:internal/process/task_queues:105:5)

Error: Invalid generation 9 for a Gen 4 format ([Gen 4] Test Custom Ruleset (Bo3))
    at Object.onValidateRule (/Users/jeremywhite/Desktop/Showdown Server/pokemon-showdown/data/rulesets.ts:1545:11)
    at DexFormats.getRuleTable (/Users/jeremywhite/Desktop/Showdown Server/pokemon-showdown/sim/dex-formats.ts:892:45)
    at DexFormats.getRuleTable (/Users/jeremywhite/Desktop/Showdown Server/pokemon-showdown/sim/dex-formats.ts:705:24)
    at GlobalRoomState.get formatListText [as formatListText] (/Users/jeremywhite/Desktop/Showdown Server/pokemon-showdown/server/rooms.ts:1480:34)
    at GlobalRoomState.handleConnect (/Users/jeremywhite/Desktop/Showdown Server/pokemon-showdown/server/rooms.ts:1735:80)
    at Object.socketConnect (/Users/jeremywhite/Desktop/Showdown Server/pokemon-showdown/server/users.ts:1666:15)
    at Object.onSpawn (/Users/jeremywhite/Desktop/Showdown Server/pokemon-showdown/server/sockets.ts:34:11)
    at processTicksAndRejections (node:internal/process/task_queues:105:5)

Error: Invalid generation 9 for a Gen 4 format ([Gen 4] Test Custom Ruleset (Bo3))
    at Object.onValidateRule (/Users/jeremywhite/Desktop/Showdown Server/pokemon-showdown/data/rulesets.ts:1545:11)
    at DexFormats.getRuleTable (/Users/jeremywhite/Desktop/Showdown Server/pokemon-showdown/sim/dex-formats.ts:892:45)
    at DexFormats.getRuleTable (/Users/jeremywhite/Desktop/Showdown Server/pokemon-showdown/sim/dex-formats.ts:705:24)
    at GlobalRoomState.get formatListText [as formatListText] (/Users/jeremywhite/Desktop/Showdown Server/pokemon-showdown/server/rooms.ts:1480:34)
    at GlobalRoomState.handleConnect (/Users/jeremywhite/Desktop/Showdown Server/pokemon-showdown/server/rooms.ts:1735:80)
    at Object.socketConnect (/Users/jeremywhite/Desktop/Showdown Server/pokemon-showdown/server/users.ts:1666:15)
    at Object.onSpawn (/Users/jeremywhite/Desktop/Showdown Server/pokemon-showdown/server/sockets.ts:34:11)
    at processTicksAndRejections (node:internal/process/task_queues:105:5)
